V3 9
FL /home/benjamin/Documents/Projet/Serie/module_com_serie/module_serie.vhd 2014/03/13.12:40:41 P.20131013
EN work/serial_module 1394710856 \
      FL /home/benjamin/Documents/Projet/Serie/module_com_serie/module_serie.vhd \
      PB ieee/std_logic_1164 1381692176
AR work/serial_module/Behavioral 1394710857 \
      FL /home/benjamin/Documents/Projet/Serie/module_com_serie/module_serie.vhd \
      EN work/serial_module 1394710856
FL /home/benjamin/Documents/Projet/Serie/module_com_serie/Rx.vhd 2014/03/13.11:38:34 P.20131013
EN work/serial_rx 1394707143 \
      FL /home/benjamin/Documents/Projet/Serie/module_com_serie/Rx.vhd \
      PB ieee/std_logic_1164 1381692176 PB ieee/std_logic_arith 1381692177 \
      PB ieee/STD_LOGIC_UNSIGNED 1381692179
AR work/serial_rx/Behavioral 1394707144 \
      FL /home/benjamin/Documents/Projet/Serie/module_com_serie/Rx.vhd \
      EN work/serial_rx 1394707143
FL /home/benjamin/Documents/Projet/Serie/module_com_serie/Tx.vhd 2014/03/13.11:49:33 P.20131013
EN work/serial_tx 1394707780 \
      FL /home/benjamin/Documents/Projet/Serie/module_com_serie/Tx.vhd \
      PB ieee/std_logic_1164 1381692176
AR work/serial_tx/Behavioral 1394707781 \
      FL /home/benjamin/Documents/Projet/Serie/module_com_serie/Tx.vhd \
      EN work/serial_tx 1394707780
