V3 11
FL /home/benjamin/Documents/Git/Projet_S8/FPGA_QuadDecoder/Serial/serial_module/serial_main.vhd 2014/03/14.01:22:23 P.20131013
EN work/serial_main 1394757517 \
      FL /home/benjamin/Documents/Git/Projet_S8/FPGA_QuadDecoder/Serial/serial_module/serial_main.vhd \
      PB ieee/std_logic_1164 1381692176
AR work/serial_main/Behavioral 1394757518 \
      FL /home/benjamin/Documents/Git/Projet_S8/FPGA_QuadDecoder/Serial/serial_module/serial_main.vhd \
      EN work/serial_main 1394757517 CP serial_rx CP serial_tx
FL /home/benjamin/Documents/Git/Projet_S8/FPGA_QuadDecoder/Serial/serial_module/serial_rx.vhd 2014/03/14.01:28:31 P.20131013
EN work/serial_rx 1394757513 \
      FL /home/benjamin/Documents/Git/Projet_S8/FPGA_QuadDecoder/Serial/serial_module/serial_rx.vhd \
      PB ieee/std_logic_1164 1381692176 PB ieee/std_logic_arith 1381692177 \
      PB ieee/STD_LOGIC_UNSIGNED 1381692179
AR work/serial_rx/Behavioral 1394757514 \
      FL /home/benjamin/Documents/Git/Projet_S8/FPGA_QuadDecoder/Serial/serial_module/serial_rx.vhd \
      EN work/serial_rx 1394757513
FL /home/benjamin/Documents/Git/Projet_S8/FPGA_QuadDecoder/Serial/serial_module/serial_tx.vhd 2014/03/13.23:22:11 P.20131013
EN work/serial_tx 1394757515 \
      FL /home/benjamin/Documents/Git/Projet_S8/FPGA_QuadDecoder/Serial/serial_module/serial_tx.vhd \
      PB ieee/std_logic_1164 1381692176
AR work/serial_tx/Behavioral 1394757516 \
      FL /home/benjamin/Documents/Git/Projet_S8/FPGA_QuadDecoder/Serial/serial_module/serial_tx.vhd \
      EN work/serial_tx 1394757515
